// Jest Snapshot v1, https://goo.gl/fbAQLP

exports[`Box should render Box component with padding and shadow 1`] = `
<div
  className="box"
>
  normal Text
</div>
`;
