// Jest Snapshot v1, https://goo.gl/fbAQLP

exports[`CategoryPage should render Category Page text 1`] = `
<div
  className="div"
>
  Category Page
</div>
`;
