// Jest Snapshot v1, https://goo.gl/fbAQLP

exports[`Paragraph should render Paragraph with large text with error color 1`] = `
<p
  className="text-lg text-error font-bold"
/>
`;

exports[`Paragraph should render Paragraph with medium text with accent color 1`] = `
<p
  className="text-base text-accent font-medium"
/>
`;

exports[`Paragraph should render Paragraph with small text with primary color 1`] = `
<p
  className="text-sm text-primary font-normal"
/>
`;
